// Jest Snapshot v1, https://goo.gl/fbAQLP

exports[`Header component should render header correctly 1`] = `
<div
  className="header-container"
>
  <div
    className="display-flex header-content"
  >
    <div
      className="float-left"
    >
      <img
        alt="Centime"
        height="40"
        src="centimeLogo.png"
        width="210"
      />
    </div>
    <div
      className="header-dropdown-container"
    >
      <div
        className="float-right"
      >
        <DropdownButton
          id="dropdown-basic-button"
          title={
            <WithStyles(ForwardRef(IconButton))
              aria-label="select language"
              style={
                Object {
                  "padding": 0,
                }
              }
            >
              <Memo
                style={
                  Object {
                    "color": "white",
                    "fontSize": 24,
                    "padding": 0,
                  }
                }
              />
            </WithStyles(ForwardRef(IconButton))>
          }
        >
          <DropdownItem
            as={
              Object {
                "$$typeof": Symbol(react.forward_ref),
                "render": [Function],
              }
            }
            disabled={false}
            href="fr"
            onClick={[Function]}
          >
            <span
              className="m-r12 flag-icon flag-icon-fr"
            />
            Français
          </DropdownItem>
          <DropdownItem
            as={
              Object {
                "$$typeof": Symbol(react.forward_ref),
                "render": [Function],
              }
            }
            disabled={false}
            href="en"
            onClick={[Function]}
          >
            <span
              className="m-r12 flag-icon flag-icon-gb"
            />
            English
          </DropdownItem>
          <DropdownItem
            as={
              Object {
                "$$typeof": Symbol(react.forward_ref),
                "render": [Function],
              }
            }
            disabled={false}
            href="ar"
            onClick={[Function]}
          >
            <span
              className="m-r12 flag-icon flag-icon-sa"
            />
            عربى
          </DropdownItem>
        </DropdownButton>
      </div>
    </div>
  </div>
</div>
`;
